Error in AdminTallerViewSet.retrieve: name 'Sum' is not defined
Traceback (most recent call last):
  File "/app/api/views.py", line 112, in retrieve
    ).aggregate(Sum('monto'))['monto__sum'] or 0
NameError: name 'Sum' is not defined
Error in AdminTallerViewSet.retrieve: name 'Sum' is not defined
Traceback (most recent call last):
  File "/app/api/views.py", line 112, in retrieve
    ).aggregate(Sum('monto'))['monto__sum'] or 0
NameError: name 'Sum' is not defined
Error in AdminTallerViewSet.retrieve: name 'Sum' is not defined
Traceback (most recent call last):
  File "/app/api/views.py", line 112, in retrieve
    ).aggregate(Sum('monto'))['monto__sum'] or 0
NameError: name 'Sum' is not defined
Error in AdminTallerViewSet.retrieve: name 'Sum' is not defined
Traceback (most recent call last):
  File "/app/api/views.py", line 112, in retrieve
    ).aggregate(Sum('monto'))['monto__sum'] or 0
NameError: name 'Sum' is not defined
Error in AdminTallerViewSet.retrieve: name 'Sum' is not defined
Traceback (most recent call last):
  File "/app/api/views.py", line 112, in retrieve
    ).aggregate(Sum('monto'))['monto__sum'] or 0
NameError: name 'Sum' is not defined
Error in AdminTallerViewSet.retrieve: name 'Sum' is not defined
Traceback (most recent call last):
  File "/app/api/views.py", line 112, in retrieve
    ).aggregate(Sum('monto'))['monto__sum'] or 0
NameError: name 'Sum' is not defined
Error in AdminTallerViewSet.retrieve: name 'Sum' is not defined
Traceback (most recent call last):
  File "/app/api/views.py", line 112, in retrieve
    ).aggregate(Sum('monto'))['monto__sum'] or 0
NameError: name 'Sum' is not defined
Error in AdminTallerViewSet.retrieve: name 'Sum' is not defined
Traceback (most recent call last):
  File "/app/api/views.py", line 112, in retrieve
    ).aggregate(Sum('monto'))['monto__sum'] or 0
NameError: name 'Sum' is not defined
Error in AdminTallerViewSet.retrieve: name 'Sum' is not defined
Traceback (most recent call last):
  File "/app/api/views.py", line 112, in retrieve
    ).aggregate(Sum('monto'))['monto__sum'] or 0
NameError: name 'Sum' is not defined
Error in AdminTallerViewSet.retrieve: name 'Sum' is not defined
Traceback (most recent call last):
  File "/app/api/views.py", line 112, in retrieve
    ).aggregate(Sum('monto'))['monto__sum'] or 0
NameError: name 'Sum' is not defined
Error in AdminTallerViewSet.retrieve: name 'Sum' is not defined
Traceback (most recent call last):
  File "/app/api/views.py", line 112, in retrieve
    ).aggregate(Sum('monto'))['monto__sum'] or 0
NameError: name 'Sum' is not defined
Error in AdminTallerViewSet.retrieve: name 'Sum' is not defined
Traceback (most recent call last):
  File "/app/api/views.py", line 112, in retrieve
    ).aggregate(Sum('monto'))['monto__sum'] or 0
NameError: name 'Sum' is not defined
Error in AdminTallerViewSet.retrieve: name 'Sum' is not defined
Traceback (most recent call last):
  File "/app/api/views.py", line 112, in retrieve
    ).aggregate(Sum('monto'))['monto__sum'] or 0
NameError: name 'Sum' is not defined
Error in AdminTallerViewSet.retrieve: name 'Sum' is not defined
Traceback (most recent call last):
  File "/app/api/views.py", line 112, in retrieve
    ).aggregate(Sum('monto'))['monto__sum'] or 0
NameError: name 'Sum' is not defined
Error in AdminTallerViewSet.retrieve: name 'Sum' is not defined
Traceback (most recent call last):
  File "/app/api/views.py", line 112, in retrieve
    ).aggregate(Sum('monto'))['monto__sum'] or 0
NameError: name 'Sum' is not defined
Error in AdminTallerViewSet.retrieve: name 'Sum' is not defined
Traceback (most recent call last):
  File "/app/api/views.py", line 112, in retrieve
    ).aggregate(Sum('monto'))['monto__sum'] or 0
NameError: name 'Sum' is not defined
Error in AdminTallerViewSet.retrieve: name 'Sum' is not defined
Traceback (most recent call last):
  File "/app/api/views.py", line 112, in retrieve
    ).aggregate(Sum('monto'))['monto__sum'] or 0
NameError: name 'Sum' is not defined
Error in AdminTallerViewSet.retrieve: name 'Sum' is not defined
Traceback (most recent call last):
  File "/app/api/views.py", line 112, in retrieve
    ).aggregate(Sum('monto'))['monto__sum'] or 0
NameError: name 'Sum' is not defined
Error in AdminTallerViewSet.retrieve: name 'Sum' is not defined
Traceback (most recent call last):
  File "/app/api/views.py", line 112, in retrieve
    ).aggregate(Sum('monto'))['monto__sum'] or 0
NameError: name 'Sum' is not defined
Error in AdminTallerViewSet.retrieve: name 'Sum' is not defined
Traceback (most recent call last):
  File "/app/api/views.py", line 112, in retrieve
    ).aggregate(Sum('monto'))['monto__sum'] or 0
NameError: name 'Sum' is not defined
Error in AdminTallerViewSet.retrieve: name 'Sum' is not defined
Traceback (most recent call last):
  File "/app/api/views.py", line 112, in retrieve
    ).aggregate(Sum('monto'))['monto__sum'] or 0
NameError: name 'Sum' is not defined
Error in AdminTallerViewSet.retrieve: name 'Sum' is not defined
Traceback (most recent call last):
  File "/app/api/views.py", line 112, in retrieve
    ).aggregate(Sum('monto'))['monto__sum'] or 0
NameError: name 'Sum' is not defined
Error in AdminTallerViewSet.retrieve: name 'Sum' is not defined
Traceback (most recent call last):
  File "/app/api/views.py", line 112, in retrieve
    ).aggregate(Sum('monto'))['monto__sum'] or 0
NameError: name 'Sum' is not defined
Error in AdminTallerViewSet.retrieve: name 'Sum' is not defined
Traceback (most recent call last):
  File "/app/api/views.py", line 112, in retrieve
    ).aggregate(Sum('monto'))['monto__sum'] or 0
NameError: name 'Sum' is not defined
Error in AdminTallerViewSet.retrieve: name 'Sum' is not defined
Traceback (most recent call last):
  File "/app/api/views.py", line 112, in retrieve
    ).aggregate(Sum('monto'))['monto__sum'] or 0
NameError: name 'Sum' is not defined
Error in AdminTallerViewSet.retrieve: name 'Sum' is not defined
Traceback (most recent call last):
  File "/app/api/views.py", line 112, in retrieve
    ).aggregate(Sum('monto'))['monto__sum'] or 0
NameError: name 'Sum' is not defined
Error in AdminTallerViewSet.retrieve: name 'Sum' is not defined
Traceback (most recent call last):
  File "/app/api/views.py", line 112, in retrieve
    ).aggregate(Sum('monto'))['monto__sum'] or 0
NameError: name 'Sum' is not defined
Error in AdminTallerViewSet.retrieve: name 'Sum' is not defined
Traceback (most recent call last):
  File "/app/api/views.py", line 112, in retrieve
    ).aggregate(Sum('monto'))['monto__sum'] or 0
NameError: name 'Sum' is not defined
Error in AdminTallerViewSet.retrieve: name 'Sum' is not defined
Traceback (most recent call last):
  File "/app/api/views.py", line 112, in retrieve
    ).aggregate(Sum('monto'))['monto__sum'] or 0
NameError: name 'Sum' is not defined
Error in AdminTallerViewSet.retrieve: name 'Sum' is not defined
Traceback (most recent call last):
  File "/app/api/views.py", line 112, in retrieve
    ).aggregate(Sum('monto'))['monto__sum'] or 0
NameError: name 'Sum' is not defined
Error in AdminTallerViewSet.retrieve: name 'Sum' is not defined
Traceback (most recent call last):
  File "/app/api/views.py", line 112, in retrieve
    ).aggregate(Sum('monto'))['monto__sum'] or 0
NameError: name 'Sum' is not defined
Error in AdminTallerViewSet.retrieve: name 'Sum' is not defined
Traceback (most recent call last):
  File "/app/api/views.py", line 112, in retrieve
    ).aggregate(Sum('monto'))['monto__sum'] or 0
NameError: name 'Sum' is not defined
